// Jest Snapshot v1, https://goo.gl/fbAQLP

exports[`Select input tests Match snapshot 1`] = `<div />`;
